// Vitest Snapshot v1, https://vitest.dev/guide/snapshot.html

exports[`auth status snapshots (#3196) > human output lines 1`] = `
"  Profile:      default
  Base URL:     https://api.objectified.dev
  Tenant:       acme-corp (Acme Corporation)
  User:         kenji@objectified.dev
  Auth type:    OAuth (PKCE)
  Expires:      in 6h 12m (refresh token valid)
  Plan:         Enterprise"
`;

exports[`auth status snapshots (#3196) > stable JSON payload 1`] = `
"{
  "auth": {
    "expires_at": "2026-05-07T18:12:00.000Z",
    "type": "oauth"
  },
  "base_url": "https://api.objectified.dev",
  "plan": "enterprise",
  "profile": "default",
  "tenant": {
    "name": "Acme Corporation",
    "slug": "acme-corp"
  },
  "user": {
    "email": "kenji@objectified.dev",
    "id": "u_abc"
  }
}"
`;
